/bin/bash: line 0: cd: bff-observer: No such file or directory
/bin/bash: line 0: cd: bff-observer: No such file or directory
/bin/bash: line 0: cd: bff-observer: No such file or directory
/bin/bash: line 0: cd: bff-observer: No such file or directory
/bin/bash: line 0: cd: bff-observer: No such file or directory
/bin/bash: line 0: cd: bff-observer: No such file or directory
/bin/bash: line 0: cd: bff-observer: No such file or directory
/bin/bash: line 0: cd: bff-observer: No such file or directory
/bin/bash: line 0: cd: bff-observer: No such file or directory
/bin/bash: line 0: cd: bff-observer: No such file or directory
/bin/bash: line 0: cd: bff-observer: No such file or directory
/bin/bash: line 0: cd: bff-observer: No such file or directory
/bin/bash: line 0: cd: bff-observer: No such file or directory
/bin/bash: line 0: cd: bff-observer: No such file or directory
/bin/bash: line 0: cd: bff-observer: No such file or directory
/bin/bash: line 0: cd: bff-observer: No such file or directory
/bin/bash: line 0: cd: bff-observer: No such file or directory
/bin/bash: line 0: cd: bff-observer: No such file or directory
/bin/bash: line 0: cd: bff-observer: No such file or directory
/bin/bash: line 0: cd: bff-observer: No such file or directory
/bin/bash: line 0: cd: bff-observer: No such file or directory
/bin/bash: line 0: cd: bff-observer: No such file or directory
/bin/bash: line 0: cd: bff-observer: No such file or directory
/bin/bash: line 0: cd: bff-observer: No such file or directory
/bin/bash: line 0: cd: bff-observer: No such file or directory
/bin/bash: line 0: cd: bff-observer: No such file or directory
/bin/bash: line 0: cd: bff-observer: No such file or directory
/bin/bash: line 0: cd: bff-observer: No such file or directory
/bin/bash: line 0: cd: bff-observer: No such file or directory
/bin/bash: line 0: cd: bff-observer: No such file or directory
/bin/bash: line 0: cd: bff-observer: No such file or directory
/bin/bash: line 0: cd: bff-observer: No such file or directory
/bin/bash: line 0: cd: bff-user: No such file or directory
/bin/bash: line 0: cd: bff-user: No such file or directory
/bin/bash: line 0: cd: bff-user: No such file or directory
/bin/bash: line 0: cd: bff-user: No such file or directory
/bin/bash: line 0: cd: bff-user: No such file or directory
/bin/bash: line 0: cd: bff-user: No such file or directory
/bin/bash: line 0: cd: bff-user: No such file or directory
/bin/bash: line 0: cd: bff-user: No such file or directory
/bin/bash: line 0: cd: bff-user: No such file or directory
/bin/bash: line 0: cd: bff-user: No such file or directory
/bin/bash: line 0: cd: bff-user: No such file or directory
/bin/bash: line 0: cd: bff-user: No such file or directory
/bin/bash: line 0: cd: bff-user: No such file or directory
/bin/bash: line 0: cd: bff-user: No such file or directory
/bin/bash: line 0: cd: bff-user: No such file or directory
/bin/bash: line 0: cd: bff-user: No such file or directory
